2025-11-11 14:34:00 | DEBUG | repo=obs-studio | action=commit
2025-09-27 07:19:00 | DEBUG | repo=obs-studio | action=test | passed=true
2025-04-04 16:52:00 | WARN | repo=obs-studio | action=commit
2025-11-09 21:33:00 | INFO | repo=obs-studio | action=test | passed=true
2025-12-05 19:38:00 | WARN | repo=obs-studio | action=pull
2025-06-03 16:41:00 | INFO | repo=obs-studio | action=commit
2025-02-04 08:24:00 | WARN | repo=obs-studio | action=edit | files=2
2025-01-20 11:49:00 | DEBUG | repo=obs-studio | action=commit
2025-02-13 12:27:00 | DEBUG | repo=obs-studio | action=commit
2025-07-02 10:06:00 | INFO | repo=obs-studio | action=pull
2025-01-04 14:48:00 | DEBUG | repo=obs-studio | action=commit
2025-04-02 20:10:00 | INFO | repo=obs-studio | action=commit
2025-03-17 14:09:00 | WARN | repo=obs-studio | action=commit
2025-12-14 11:15:00 | WARN | repo=obs-studio | action=commit
2025-05-10 11:42:00 | WARN | repo=obs-studio | action=edit | files=1
2025-10-17 17:19:00 | WARN | repo=obs-studio | action=commit
2025-04-23 14:24:00 | DEBUG | repo=obs-studio | action=commit
2025-12-11 10:41:00 | INFO | repo=obs-studio | action=edit | files=3
2025-07-22 16:52:00 | WARN | repo=obs-studio | action=commit
2025-10-06 14:09:00 | WARN | repo=obs-studio | action=commit
2025-10-25 07:23:00 | DEBUG | repo=obs-studio | action=pull
2025-08-23 08:47:00 | WARN | repo=obs-studio | action=commit
2025-01-22 19:15:00 | INFO | repo=obs-studio | action=commit
2025-10-10 07:13:00 | WARN | repo=obs-studio | action=commit
2025-01-18 18:13:00 | INFO | repo=obs-studio | action=commit
2025-03-23 17:55:00 | WARN | repo=obs-studio | action=commit
2025-05-23 13:21:00 | WARN | repo=obs-studio | action=edit | files=5
2025-08-18 07:42:00 | INFO | repo=obs-studio | action=commit
2025-04-06 08:08:00 | DEBUG | repo=obs-studio | action=commit
2025-03-05 19:46:00 | INFO | repo=obs-studio | action=commit
2025-01-19 07:08:00 | DEBUG | repo=obs-studio | action=commit
2025-10-26 13:01:00 | DEBUG | repo=obs-studio | action=commit
2025-11-04 08:16:00 | DEBUG | repo=obs-studio | action=commit
2025-03-08 19:17:00 | WARN | repo=obs-studio | action=commit
2025-06-10 07:42:00 | INFO | repo=obs-studio | action=commit
2025-04-20 18:30:00 | DEBUG | repo=obs-studio | action=edit | files=4
2025-10-22 19:56:00 | WARN | repo=obs-studio | action=commit
2025-07-28 12:48:00 | DEBUG | repo=obs-studio | action=test | passed=true
2025-04-24 13:26:00 | DEBUG | repo=obs-studio | action=commit
2025-09-16 13:48:00 | INFO | repo=obs-studio | action=commit
2025-05-20 19:50:00 | DEBUG | repo=obs-studio | action=commit
2025-10-17 09:54:00 | INFO | repo=obs-studio | action=commit
2025-07-26 09:00:00 | DEBUG | repo=obs-studio | action=edit | files=5
2025-02-17 08:14:00 | INFO | repo=obs-studio | action=commit
2025-10-13 16:31:00 | INFO | repo=obs-studio | action=commit
2025-10-04 11:29:00 | INFO | repo=obs-studio | action=commit
2025-05-19 09:43:00 | INFO | repo=obs-studio | action=commit
2025-07-12 17:27:00 | WARN | repo=obs-studio | action=commit
2025-09-25 07:22:00 | DEBUG | repo=obs-studio | action=commit
2025-02-03 09:35:00 | INFO | repo=obs-studio | action=commit
2025-01-05 21:08:00 | DEBUG | repo=obs-studio | action=commit
2025-01-03 15:52:00 | INFO | repo=obs-studio | action=commit
2025-02-04 20:26:00 | INFO | repo=obs-studio | action=commit
2025-10-10 21:25:00 | INFO | repo=obs-studio | action=commit
2025-10-16 20:15:00 | WARN | repo=obs-studio | action=commit
2025-06-19 11:41:00 | DEBUG | repo=obs-studio | action=commit
2025-04-06 14:03:00 | INFO | repo=obs-studio | action=commit
2025-11-07 15:29:00 | WARN | repo=obs-studio | action=commit
2025-04-11 21:21:00 | DEBUG | repo=obs-studio | action=commit
2025-03-27 10:37:00 | DEBUG | repo=obs-studio | action=commit
2025-07-06 21:45:00 | INFO | repo=obs-studio | action=commit
2025-06-27 20:38:00 | INFO | repo=obs-studio | action=commit
2025-02-20 08:41:00 | INFO | repo=obs-studio | action=edit | files=4
2025-12-19 13:07:00 | INFO | repo=obs-studio | action=commit
2025-12-14 15:05:00 | DEBUG | repo=obs-studio | action=commit
2025-07-16 07:46:00 | DEBUG | repo=obs-studio | action=edit | files=1
2025-08-02 13:04:00 | DEBUG | repo=obs-studio | action=commit
2025-02-27 19:00:00 | WARN | repo=obs-studio | action=commit
2025-07-17 17:30:00 | WARN | repo=obs-studio | action=pull
2025-10-24 21:57:00 | WARN | repo=obs-studio | action=commit
2025-09-14 09:52:00 | DEBUG | repo=obs-studio | action=test | passed=true
2025-03-17 09:27:00 | DEBUG | repo=obs-studio | action=commit
2025-06-10 21:18:00 | DEBUG | repo=obs-studio | action=commit
2025-08-13 20:43:00 | DEBUG | repo=obs-studio | action=commit
2025-04-25 20:08:00 | DEBUG | repo=obs-studio | action=commit
2025-04-01 18:08:00 | WARN | repo=obs-studio | action=commit
2025-10-10 19:26:00 | DEBUG | repo=obs-studio | action=commit
2025-03-21 08:32:00 | INFO | repo=obs-studio | action=commit
2025-01-08 13:27:00 | WARN | repo=obs-studio | action=commit
2025-06-21 21:11:00 | DEBUG | repo=obs-studio | action=commit
2025-11-10 08:44:00 | WARN | repo=obs-studio | action=commit
2025-03-20 12:21:00 | WARN | repo=obs-studio | action=commit
2025-03-08 18:32:00 | INFO | repo=obs-studio | action=commit
2025-06-14 08:12:00 | WARN | repo=obs-studio | action=commit
2025-01-21 18:30:00 | WARN | repo=obs-studio | action=commit
2025-06-06 07:19:00 | INFO | repo=obs-studio | action=commit
2025-04-23 07:18:00 | WARN | repo=obs-studio | action=commit
2025-10-17 13:29:00 | WARN | repo=obs-studio | action=test | passed=true
2025-08-12 07:00:00 | DEBUG | repo=obs-studio | action=commit
2025-03-02 16:44:00 | INFO | repo=obs-studio | action=commit
2025-01-09 09:01:00 | WARN | repo=obs-studio | action=commit
2025-01-14 21:48:00 | INFO | repo=obs-studio | action=commit
2025-07-05 07:45:00 | WARN | repo=obs-studio | action=commit
2025-09-12 08:12:00 | DEBUG | repo=obs-studio | action=commit
2025-08-21 19:59:00 | WARN | repo=obs-studio | action=commit
